// Jest Snapshot v1, https://goo.gl/fbAQLP

exports[`renders correctly 1`] = `
<div
  className="NumberInput-container-0-1-1"
>
  <img
    className="NumberInput-img-0-1-2"
    id="minus"
    onClick={[Function]}
    src="/assets/minus.svg"
  />
  <input
    className="NumberInput-input-0-1-3"
    id="1"
    onBlur={[Function]}
    onChange={[Function]}
    value={0}
  />
  <img
    className="NumberInput-img-0-1-2"
    id="plus"
    onClick={[Function]}
    src="/assets/plus.svg"
  />
</div>
`;
